> Task :checkKotlinGradlePluginConfigurationErrors
> Task :compileKotlin UP-TO-DATE
> Task :compileJava NO-SOURCE
> Task :processResources UP-TO-DATE
> Task :classes UP-TO-DATE

> Task :run FAILED
Exception in thread "main" io.github.cdimascio.dotenv.DotenvException: Could not find /.env on the classpath
	at io.github.cdimascio.dotenv.internal.ClasspathHelper.loadFileFromClasspath(ClasspathHelper.java:26)
	at io.github.cdimascio.dotenv.internal.DotenvReader.read(DotenvReader.java:55)
	at io.github.cdimascio.dotenv.internal.DotenvParser.lines(DotenvParser.java:80)
	at io.github.cdimascio.dotenv.internal.DotenvParser.parse(DotenvParser.java:62)
	at io.github.cdimascio.dotenv.DotenvBuilder.load(DotenvBuilder.java:77)
	at io.github.cdimascio.dotenv.DslKt.dotenv(Dsl.kt:19)
	at io.github.cdimascio.dotenv.DslKt.dotenv$default(Dsl.kt:10)
	at com.example.ApplicationKt.main(Application.kt:19)
	at com.example.ApplicationKt.main(Application.kt)
	Suppressed: io.github.cdimascio.dotenv.DotenvException: Could not find ./.env on the file system (working directory: /app/apps/api)
		at io.github.cdimascio.dotenv.internal.DotenvReader.read(DotenvReader.java:60)
		... 7 more

FAILURE: Build failed with an exception.

* What went wrong:
Execution failed for task ':run'.
> Process 'command '/usr/lib/jvm/java-21-openjdk-amd64/bin/java'' finished with non-zero exit value 1

* Try:
> Run with --stacktrace option to get the stack trace.
> Run with --info or --debug option to get more log output.
> Run with --scan to get full insights.
> Get more help at https://help.gradle.org.

Deprecated Gradle features were used in this build, making it incompatible with Gradle 9.0.

You can use '--warning-mode all' to show the individual deprecation warnings and determine if they come from your own scripts or plugins.

For more on this, please refer to https://docs.gradle.org/8.8/userguide/command_line_interface.html#sec:command_line_warnings in the Gradle documentation.

BUILD FAILED in 1s
4 actionable tasks: 2 executed, 2 up-to-date
